2026-02-11 12:26:54,989 - SowetoClimatePipeline - INFO - ================================================================================
2026-02-11 12:26:54,989 - SowetoClimatePipeline - INFO - Soweto Climate Data Extraction Pipeline Initialized
2026-02-11 12:26:54,989 - SowetoClimatePipeline - INFO - ================================================================================
2026-02-11 12:26:54,989 - SowetoClimatePipeline - INFO - Pipeline execution started at 2026-02-11 12:26:54.989961
2026-02-11 12:26:54,989 - SowetoClimatePipeline - INFO - Initializing pipeline components...
2026-02-11 12:26:58,682 - SowetoClimatePipeline - INFO - GEE authentication successful (using existing credentials)
2026-02-11 12:26:58,683 - SowetoClimatePipeline - INFO - Pipeline initialization complete
2026-02-11 12:26:58,683 - SowetoClimatePipeline - INFO - ================================================================================
2026-02-11 12:26:58,683 - SowetoClimatePipeline - INFO - STARTING DATA EXTRACTION
2026-02-11 12:26:58,683 - SowetoClimatePipeline - INFO - ================================================================================
2026-02-11 12:26:58,684 - SowetoClimatePipeline - INFO - Generated 23 date batches (6 months each)
2026-02-11 12:26:58,684 - SowetoClimatePipeline - INFO - Processing temperature_c batch 1/23
2026-02-11 12:26:58,684 - SowetoClimatePipeline - INFO - Extracting temperature: 2014-01-01 to 2014-06-30
2026-02-11 12:27:07,346 - SowetoClimatePipeline - INFO - Extracted 4320 temperature records
2026-02-11 12:27:08,349 - SowetoClimatePipeline - INFO - Processing temperature_c batch 2/23
2026-02-11 12:27:08,350 - SowetoClimatePipeline - INFO - Extracting temperature: 2014-06-30 to 2014-12-27
2026-02-11 12:27:13,733 - SowetoClimatePipeline - INFO - Extracted 4320 temperature records
2026-02-11 12:27:14,737 - SowetoClimatePipeline - INFO - Processing temperature_c batch 3/23
2026-02-11 12:27:14,738 - SowetoClimatePipeline - INFO - Extracting temperature: 2014-12-27 to 2015-06-25
2026-02-11 12:27:24,845 - SowetoClimatePipeline - INFO - Extracted 4320 temperature records
2026-02-11 12:27:25,853 - SowetoClimatePipeline - INFO - Processing temperature_c batch 4/23
2026-02-11 12:27:25,854 - SowetoClimatePipeline - INFO - Extracting temperature: 2015-06-25 to 2015-12-22
2026-02-11 12:27:30,245 - SowetoClimatePipeline - INFO - Extracted 4320 temperature records
2026-02-11 12:27:31,251 - SowetoClimatePipeline - INFO - Processing temperature_c batch 5/23
2026-02-11 12:27:31,251 - SowetoClimatePipeline - INFO - Extracting temperature: 2015-12-22 to 2016-06-19
2026-02-11 12:27:35,601 - SowetoClimatePipeline - INFO - Extracted 4320 temperature records
2026-02-11 12:27:36,608 - SowetoClimatePipeline - INFO - Processing temperature_c batch 6/23
2026-02-11 12:27:36,608 - SowetoClimatePipeline - INFO - Extracting temperature: 2016-06-19 to 2016-12-16
2026-02-11 12:27:46,115 - SowetoClimatePipeline - INFO - Extracted 4320 temperature records
2026-02-11 12:27:47,121 - SowetoClimatePipeline - INFO - Processing temperature_c batch 7/23
2026-02-11 12:27:47,121 - SowetoClimatePipeline - INFO - Extracting temperature: 2016-12-16 to 2017-06-14
2026-02-11 12:27:53,912 - SowetoClimatePipeline - INFO - Extracted 4320 temperature records
2026-02-11 12:27:54,917 - SowetoClimatePipeline - INFO - Processing temperature_c batch 8/23
2026-02-11 12:27:54,917 - SowetoClimatePipeline - INFO - Extracting temperature: 2017-06-14 to 2017-12-11
2026-02-11 12:28:03,478 - SowetoClimatePipeline - INFO - Extracted 4320 temperature records
2026-02-11 12:28:04,485 - SowetoClimatePipeline - INFO - Processing temperature_c batch 9/23
2026-02-11 12:28:04,485 - SowetoClimatePipeline - INFO - Extracting temperature: 2017-12-11 to 2018-06-09
2026-02-11 12:28:10,396 - SowetoClimatePipeline - INFO - Extracted 4320 temperature records
2026-02-11 12:28:11,400 - SowetoClimatePipeline - INFO - Processing temperature_c batch 10/23
2026-02-11 12:28:11,400 - SowetoClimatePipeline - INFO - Extracting temperature: 2018-06-09 to 2018-12-06
2026-02-11 12:28:19,050 - SowetoClimatePipeline - INFO - Extracted 4320 temperature records
2026-02-11 12:28:20,058 - SowetoClimatePipeline - INFO - Processing temperature_c batch 11/23
2026-02-11 12:28:20,058 - SowetoClimatePipeline - INFO - Extracting temperature: 2018-12-06 to 2019-06-04
2026-02-11 12:28:25,621 - SowetoClimatePipeline - INFO - Extracted 4320 temperature records
2026-02-11 12:28:26,626 - SowetoClimatePipeline - INFO - Processing temperature_c batch 12/23
2026-02-11 12:28:26,627 - SowetoClimatePipeline - INFO - Extracting temperature: 2019-06-04 to 2019-12-01
2026-02-11 12:28:35,081 - SowetoClimatePipeline - INFO - Extracted 4320 temperature records
2026-02-11 12:28:36,086 - SowetoClimatePipeline - INFO - Processing temperature_c batch 13/23
2026-02-11 12:28:36,087 - SowetoClimatePipeline - INFO - Extracting temperature: 2019-12-01 to 2020-05-29
2026-02-11 12:28:45,205 - SowetoClimatePipeline - INFO - Extracted 4320 temperature records
2026-02-11 12:28:46,208 - SowetoClimatePipeline - INFO - Processing temperature_c batch 14/23
2026-02-11 12:28:46,209 - SowetoClimatePipeline - INFO - Extracting temperature: 2020-05-29 to 2020-11-25
2026-02-11 12:28:51,693 - SowetoClimatePipeline - INFO - Extracted 4320 temperature records
2026-02-11 12:28:52,700 - SowetoClimatePipeline - INFO - Processing temperature_c batch 15/23
2026-02-11 12:28:52,701 - SowetoClimatePipeline - INFO - Extracting temperature: 2020-11-25 to 2021-05-24
2026-02-11 12:29:01,520 - SowetoClimatePipeline - INFO - Extracted 4320 temperature records
2026-02-11 12:29:02,525 - SowetoClimatePipeline - INFO - Processing temperature_c batch 16/23
2026-02-11 12:29:02,526 - SowetoClimatePipeline - INFO - Extracting temperature: 2021-05-24 to 2021-11-20
2026-02-11 12:29:09,934 - SowetoClimatePipeline - INFO - Extracted 4320 temperature records
2026-02-11 12:29:10,940 - SowetoClimatePipeline - INFO - Processing temperature_c batch 17/23
2026-02-11 12:29:10,940 - SowetoClimatePipeline - INFO - Extracting temperature: 2021-11-20 to 2022-05-19
2026-02-11 12:29:15,581 - SowetoClimatePipeline - INFO - Extracted 4320 temperature records
2026-02-11 12:29:16,588 - SowetoClimatePipeline - INFO - Processing temperature_c batch 18/23
2026-02-11 12:29:16,588 - SowetoClimatePipeline - INFO - Extracting temperature: 2022-05-19 to 2022-11-15
2026-02-11 12:29:21,603 - SowetoClimatePipeline - INFO - Extracted 4320 temperature records
2026-02-11 12:29:22,609 - SowetoClimatePipeline - INFO - Processing temperature_c batch 19/23
2026-02-11 12:29:22,609 - SowetoClimatePipeline - INFO - Extracting temperature: 2022-11-15 to 2023-05-14
2026-02-11 12:29:30,480 - SowetoClimatePipeline - INFO - Extracted 4320 temperature records
2026-02-11 12:29:31,482 - SowetoClimatePipeline - INFO - Processing temperature_c batch 20/23
2026-02-11 12:29:31,482 - SowetoClimatePipeline - INFO - Extracting temperature: 2023-05-14 to 2023-11-10
2026-02-11 12:29:37,274 - SowetoClimatePipeline - INFO - Extracted 4320 temperature records
2026-02-11 12:29:38,278 - SowetoClimatePipeline - INFO - Processing temperature_c batch 21/23
2026-02-11 12:29:38,279 - SowetoClimatePipeline - INFO - Extracting temperature: 2023-11-10 to 2024-05-08
2026-02-11 12:29:44,442 - SowetoClimatePipeline - INFO - Extracted 4320 temperature records
2026-02-11 12:29:45,449 - SowetoClimatePipeline - INFO - Processing temperature_c batch 22/23
2026-02-11 12:29:45,449 - SowetoClimatePipeline - INFO - Extracting temperature: 2024-05-08 to 2024-11-04
2026-02-11 12:29:53,493 - SowetoClimatePipeline - INFO - Extracted 4320 temperature records
2026-02-11 12:29:54,499 - SowetoClimatePipeline - INFO - Processing temperature_c batch 23/23
2026-02-11 12:29:54,499 - SowetoClimatePipeline - INFO - Extracting temperature: 2024-11-04 to 2024-12-31
2026-02-11 12:29:57,991 - SowetoClimatePipeline - INFO - Extracted 1368 temperature records
2026-02-11 12:29:59,008 - SowetoClimatePipeline - INFO - Total temperature_c records: 96408
2026-02-11 12:29:59,009 - SowetoClimatePipeline - INFO - Generated 67 date batches (2 months each)
2026-02-11 12:29:59,009 - SowetoClimatePipeline - INFO - Processing pm25 batch 1/67
2026-02-11 12:29:59,009 - SowetoClimatePipeline - INFO - Extracting PM2.5: 2014-01-01 to 2014-03-02
2026-02-11 12:29:59,428 - SowetoClimatePipeline - WARNING - No PM2.5 data returned for 2014-01-01 to 2014-03-02
2026-02-11 12:30:00,431 - SowetoClimatePipeline - INFO - Processing pm25 batch 2/67
2026-02-11 12:30:00,431 - SowetoClimatePipeline - INFO - Extracting PM2.5: 2014-03-02 to 2014-05-01
2026-02-11 12:30:00,830 - SowetoClimatePipeline - WARNING - No PM2.5 data returned for 2014-03-02 to 2014-05-01
2026-02-11 12:30:01,836 - SowetoClimatePipeline - INFO - Processing pm25 batch 3/67
2026-02-11 12:30:01,837 - SowetoClimatePipeline - INFO - Extracting PM2.5: 2014-05-01 to 2014-06-30
2026-02-11 12:30:02,336 - SowetoClimatePipeline - WARNING - No PM2.5 data returned for 2014-05-01 to 2014-06-30
2026-02-11 12:30:03,343 - SowetoClimatePipeline - INFO - Processing pm25 batch 4/67
2026-02-11 12:30:03,343 - SowetoClimatePipeline - INFO - Extracting PM2.5: 2014-06-30 to 2014-08-29
2026-02-11 12:30:03,792 - SowetoClimatePipeline - WARNING - No PM2.5 data returned for 2014-06-30 to 2014-08-29
2026-02-11 12:30:04,798 - SowetoClimatePipeline - INFO - Processing pm25 batch 5/67
2026-02-11 12:30:04,799 - SowetoClimatePipeline - INFO - Extracting PM2.5: 2014-08-29 to 2014-10-28
2026-02-11 12:30:05,286 - SowetoClimatePipeline - WARNING - No PM2.5 data returned for 2014-08-29 to 2014-10-28
2026-02-11 12:30:06,291 - SowetoClimatePipeline - INFO - Processing pm25 batch 6/67
2026-02-11 12:30:06,293 - SowetoClimatePipeline - INFO - Extracting PM2.5: 2014-10-28 to 2014-12-27
2026-02-11 12:30:06,841 - SowetoClimatePipeline - WARNING - No PM2.5 data returned for 2014-10-28 to 2014-12-27
2026-02-11 12:30:07,846 - SowetoClimatePipeline - INFO - Processing pm25 batch 7/67
2026-02-11 12:30:07,847 - SowetoClimatePipeline - INFO - Extracting PM2.5: 2014-12-27 to 2015-02-25
2026-02-11 12:30:08,296 - SowetoClimatePipeline - WARNING - No PM2.5 data returned for 2014-12-27 to 2015-02-25
2026-02-11 12:30:09,299 - SowetoClimatePipeline - INFO - Processing pm25 batch 8/67
2026-02-11 12:30:09,299 - SowetoClimatePipeline - INFO - Extracting PM2.5: 2015-02-25 to 2015-04-26
2026-02-11 12:30:09,753 - SowetoClimatePipeline - WARNING - No PM2.5 data returned for 2015-02-25 to 2015-04-26
2026-02-11 12:30:10,757 - SowetoClimatePipeline - INFO - Processing pm25 batch 9/67
2026-02-11 12:30:10,758 - SowetoClimatePipeline - INFO - Extracting PM2.5: 2015-04-26 to 2015-06-25
2026-02-11 12:30:11,287 - SowetoClimatePipeline - WARNING - No PM2.5 data returned for 2015-04-26 to 2015-06-25
2026-02-11 12:30:12,291 - SowetoClimatePipeline - INFO - Processing pm25 batch 10/67
2026-02-11 12:30:12,291 - SowetoClimatePipeline - INFO - Extracting PM2.5: 2015-06-25 to 2015-08-24
2026-02-11 12:30:12,715 - SowetoClimatePipeline - WARNING - No PM2.5 data returned for 2015-06-25 to 2015-08-24
2026-02-11 12:30:13,721 - SowetoClimatePipeline - INFO - Processing pm25 batch 11/67
2026-02-11 12:30:13,721 - SowetoClimatePipeline - INFO - Extracting PM2.5: 2015-08-24 to 2015-10-23
2026-02-11 12:30:14,151 - SowetoClimatePipeline - WARNING - No PM2.5 data returned for 2015-08-24 to 2015-10-23
2026-02-11 12:30:15,157 - SowetoClimatePipeline - INFO - Processing pm25 batch 12/67
2026-02-11 12:30:15,157 - SowetoClimatePipeline - INFO - Extracting PM2.5: 2015-10-23 to 2015-12-22
2026-02-11 12:30:16,140 - SowetoClimatePipeline - WARNING - No PM2.5 data returned for 2015-10-23 to 2015-12-22
2026-02-11 12:30:17,147 - SowetoClimatePipeline - INFO - Processing pm25 batch 13/67
2026-02-11 12:30:17,147 - SowetoClimatePipeline - INFO - Extracting PM2.5: 2015-12-22 to 2016-02-20
2026-02-11 12:30:18,515 - SowetoClimatePipeline - WARNING - No PM2.5 data returned for 2015-12-22 to 2016-02-20
2026-02-11 12:30:19,518 - SowetoClimatePipeline - INFO - Processing pm25 batch 14/67
2026-02-11 12:30:19,518 - SowetoClimatePipeline - INFO - Extracting PM2.5: 2016-02-20 to 2016-04-20
2026-02-11 12:30:19,937 - SowetoClimatePipeline - WARNING - No PM2.5 data returned for 2016-02-20 to 2016-04-20
2026-02-11 12:30:20,941 - SowetoClimatePipeline - INFO - Processing pm25 batch 15/67
2026-02-11 12:30:20,944 - SowetoClimatePipeline - INFO - Extracting PM2.5: 2016-04-20 to 2016-06-19
2026-02-11 12:30:21,429 - SowetoClimatePipeline - WARNING - No PM2.5 data returned for 2016-04-20 to 2016-06-19
2026-02-11 12:30:22,436 - SowetoClimatePipeline - INFO - Processing pm25 batch 16/67
2026-02-11 12:30:22,436 - SowetoClimatePipeline - INFO - Extracting PM2.5: 2016-06-19 to 2016-08-18
2026-02-11 12:30:25,562 - SowetoClimatePipeline - INFO - Extracted 2967 PM2.5 records
2026-02-11 12:30:26,569 - SowetoClimatePipeline - INFO - Processing pm25 batch 17/67
2026-02-11 12:30:26,569 - SowetoClimatePipeline - INFO - Extracting PM2.5: 2016-08-18 to 2016-10-17
2026-02-11 12:30:30,710 - SowetoClimatePipeline - INFO - Extracted 4920 PM2.5 records
2026-02-11 12:30:31,715 - SowetoClimatePipeline - INFO - Processing pm25 batch 18/67
2026-02-11 12:30:31,716 - SowetoClimatePipeline - INFO - Extracting PM2.5: 2016-10-17 to 2016-12-16
2026-02-11 12:30:36,407 - SowetoClimatePipeline - INFO - Extracted 4920 PM2.5 records
2026-02-11 12:30:37,412 - SowetoClimatePipeline - INFO - Processing pm25 batch 19/67
2026-02-11 12:30:37,412 - SowetoClimatePipeline - INFO - Extracting PM2.5: 2016-12-16 to 2017-02-14
2026-02-11 12:30:43,714 - SowetoClimatePipeline - INFO - Extracted 4920 PM2.5 records
2026-02-11 12:30:44,720 - SowetoClimatePipeline - INFO - Processing pm25 batch 20/67
2026-02-11 12:30:44,721 - SowetoClimatePipeline - INFO - Extracting PM2.5: 2017-02-14 to 2017-04-15
2026-02-11 12:30:51,874 - SowetoClimatePipeline - INFO - Extracted 4920 PM2.5 records
2026-02-11 12:30:52,880 - SowetoClimatePipeline - INFO - Processing pm25 batch 21/67
2026-02-11 12:30:52,881 - SowetoClimatePipeline - INFO - Extracting PM2.5: 2017-04-15 to 2017-06-14
2026-02-11 12:30:56,293 - SowetoClimatePipeline - INFO - Extracted 4920 PM2.5 records
2026-02-11 12:30:57,299 - SowetoClimatePipeline - INFO - Processing pm25 batch 22/67
2026-02-11 12:30:57,300 - SowetoClimatePipeline - INFO - Extracting PM2.5: 2017-06-14 to 2017-08-13
2026-02-11 12:31:00,454 - SowetoClimatePipeline - INFO - Extracted 4920 PM2.5 records
2026-02-11 12:31:01,461 - SowetoClimatePipeline - INFO - Processing pm25 batch 23/67
2026-02-11 12:31:01,462 - SowetoClimatePipeline - INFO - Extracting PM2.5: 2017-08-13 to 2017-10-12
2026-02-11 12:31:05,420 - SowetoClimatePipeline - INFO - Extracted 4920 PM2.5 records
2026-02-11 12:31:06,425 - SowetoClimatePipeline - INFO - Processing pm25 batch 24/67
2026-02-11 12:31:06,427 - SowetoClimatePipeline - INFO - Extracting PM2.5: 2017-10-12 to 2017-12-11
2026-02-11 12:31:13,829 - SowetoClimatePipeline - INFO - Extracted 4920 PM2.5 records
2026-02-11 12:31:14,830 - SowetoClimatePipeline - INFO - Processing pm25 batch 25/67
2026-02-11 12:31:14,830 - SowetoClimatePipeline - INFO - Extracting PM2.5: 2017-12-11 to 2018-02-09
2026-02-11 12:31:22,636 - SowetoClimatePipeline - INFO - Extracted 4920 PM2.5 records
2026-02-11 12:31:23,638 - SowetoClimatePipeline - INFO - Processing pm25 batch 26/67
2026-02-11 12:31:23,638 - SowetoClimatePipeline - INFO - Extracting PM2.5: 2018-02-09 to 2018-04-10
2026-02-11 12:31:28,639 - SowetoClimatePipeline - INFO - Extracted 4920 PM2.5 records
2026-02-11 12:31:29,641 - SowetoClimatePipeline - INFO - Processing pm25 batch 27/67
2026-02-11 12:31:29,641 - SowetoClimatePipeline - INFO - Extracting PM2.5: 2018-04-10 to 2018-06-09
2026-02-11 12:31:33,781 - SowetoClimatePipeline - INFO - Extracted 4920 PM2.5 records
2026-02-11 12:31:34,786 - SowetoClimatePipeline - INFO - Processing pm25 batch 28/67
2026-02-11 12:31:34,787 - SowetoClimatePipeline - INFO - Extracting PM2.5: 2018-06-09 to 2018-08-08
2026-02-11 12:31:41,047 - SowetoClimatePipeline - INFO - Extracted 4920 PM2.5 records
2026-02-11 12:31:42,052 - SowetoClimatePipeline - INFO - Processing pm25 batch 29/67
2026-02-11 12:31:42,052 - SowetoClimatePipeline - INFO - Extracting PM2.5: 2018-08-08 to 2018-10-07
2026-02-11 12:31:49,085 - SowetoClimatePipeline - INFO - Extracted 4920 PM2.5 records
2026-02-11 12:31:50,092 - SowetoClimatePipeline - INFO - Processing pm25 batch 30/67
2026-02-11 12:31:50,092 - SowetoClimatePipeline - INFO - Extracting PM2.5: 2018-10-07 to 2018-12-06
2026-02-11 12:31:57,023 - SowetoClimatePipeline - INFO - Extracted 4920 PM2.5 records
2026-02-11 12:31:58,029 - SowetoClimatePipeline - INFO - Processing pm25 batch 31/67
2026-02-11 12:31:58,029 - SowetoClimatePipeline - INFO - Extracting PM2.5: 2018-12-06 to 2019-02-04
2026-02-11 12:32:04,536 - SowetoClimatePipeline - INFO - Extracted 4920 PM2.5 records
2026-02-11 12:32:05,542 - SowetoClimatePipeline - INFO - Processing pm25 batch 32/67
2026-02-11 12:32:05,543 - SowetoClimatePipeline - INFO - Extracting PM2.5: 2019-02-04 to 2019-04-05
2026-02-11 12:32:08,850 - SowetoClimatePipeline - INFO - Extracted 4920 PM2.5 records
2026-02-11 12:32:09,851 - SowetoClimatePipeline - INFO - Processing pm25 batch 33/67
2026-02-11 12:32:09,852 - SowetoClimatePipeline - INFO - Extracting PM2.5: 2019-04-05 to 2019-06-04
2026-02-11 12:32:13,762 - SowetoClimatePipeline - INFO - Extracted 4920 PM2.5 records
2026-02-11 12:32:14,764 - SowetoClimatePipeline - INFO - Processing pm25 batch 34/67
2026-02-11 12:32:14,764 - SowetoClimatePipeline - INFO - Extracting PM2.5: 2019-06-04 to 2019-08-03
2026-02-11 12:32:20,910 - SowetoClimatePipeline - INFO - Extracted 4920 PM2.5 records
2026-02-11 12:32:21,916 - SowetoClimatePipeline - INFO - Processing pm25 batch 35/67
2026-02-11 12:32:21,916 - SowetoClimatePipeline - INFO - Extracting PM2.5: 2019-08-03 to 2019-10-02
2026-02-11 12:32:26,515 - SowetoClimatePipeline - INFO - Extracted 4920 PM2.5 records
2026-02-11 12:32:27,521 - SowetoClimatePipeline - INFO - Processing pm25 batch 36/67
2026-02-11 12:32:27,521 - SowetoClimatePipeline - INFO - Extracting PM2.5: 2019-10-02 to 2019-12-01
2026-02-11 12:32:31,086 - SowetoClimatePipeline - INFO - Extracted 4920 PM2.5 records
2026-02-11 12:32:32,091 - SowetoClimatePipeline - INFO - Processing pm25 batch 37/67
2026-02-11 12:32:32,091 - SowetoClimatePipeline - INFO - Extracting PM2.5: 2019-12-01 to 2020-01-30
2026-02-11 12:32:38,358 - SowetoClimatePipeline - INFO - Extracted 4920 PM2.5 records
2026-02-11 12:32:39,361 - SowetoClimatePipeline - INFO - Processing pm25 batch 38/67
2026-02-11 12:32:39,362 - SowetoClimatePipeline - INFO - Extracting PM2.5: 2020-01-30 to 2020-03-30
2026-02-11 12:32:46,489 - SowetoClimatePipeline - INFO - Extracted 4920 PM2.5 records
2026-02-11 12:32:47,495 - SowetoClimatePipeline - INFO - Processing pm25 batch 39/67
2026-02-11 12:32:47,495 - SowetoClimatePipeline - INFO - Extracting PM2.5: 2020-03-30 to 2020-05-29
2026-02-11 12:32:52,598 - SowetoClimatePipeline - INFO - Extracted 4920 PM2.5 records
2026-02-11 12:32:53,604 - SowetoClimatePipeline - INFO - Processing pm25 batch 40/67
2026-02-11 12:32:53,605 - SowetoClimatePipeline - INFO - Extracting PM2.5: 2020-05-29 to 2020-07-28
2026-02-11 12:32:57,618 - SowetoClimatePipeline - INFO - Extracted 4920 PM2.5 records
2026-02-11 12:32:58,624 - SowetoClimatePipeline - INFO - Processing pm25 batch 41/67
2026-02-11 12:32:58,624 - SowetoClimatePipeline - INFO - Extracting PM2.5: 2020-07-28 to 2020-09-26
2026-02-11 12:33:06,503 - SowetoClimatePipeline - INFO - Extracted 4920 PM2.5 records
2026-02-11 12:33:07,506 - SowetoClimatePipeline - INFO - Processing pm25 batch 42/67
2026-02-11 12:33:07,506 - SowetoClimatePipeline - INFO - Extracting PM2.5: 2020-09-26 to 2020-11-25
2026-02-11 12:33:10,934 - SowetoClimatePipeline - INFO - Extracted 4920 PM2.5 records
2026-02-11 12:33:11,936 - SowetoClimatePipeline - INFO - Processing pm25 batch 43/67
2026-02-11 12:33:11,937 - SowetoClimatePipeline - INFO - Extracting PM2.5: 2020-11-25 to 2021-01-24
2026-02-11 12:33:19,283 - SowetoClimatePipeline - INFO - Extracted 4880 PM2.5 records
2026-02-11 12:33:20,287 - SowetoClimatePipeline - INFO - Processing pm25 batch 44/67
2026-02-11 12:33:20,287 - SowetoClimatePipeline - INFO - Extracting PM2.5: 2021-01-24 to 2021-03-25
2026-02-11 12:33:28,667 - SowetoClimatePipeline - INFO - Extracted 4920 PM2.5 records
2026-02-11 12:33:29,674 - SowetoClimatePipeline - INFO - Processing pm25 batch 45/67
2026-02-11 12:33:29,674 - SowetoClimatePipeline - INFO - Extracting PM2.5: 2021-03-25 to 2021-05-24
2026-02-11 12:33:34,811 - SowetoClimatePipeline - INFO - Extracted 4920 PM2.5 records
2026-02-11 12:33:35,815 - SowetoClimatePipeline - INFO - Processing pm25 batch 46/67
2026-02-11 12:33:35,815 - SowetoClimatePipeline - INFO - Extracting PM2.5: 2021-05-24 to 2021-07-23
2026-02-11 12:33:40,769 - SowetoClimatePipeline - INFO - Extracted 4920 PM2.5 records
2026-02-11 12:33:41,772 - SowetoClimatePipeline - INFO - Processing pm25 batch 47/67
2026-02-11 12:33:41,773 - SowetoClimatePipeline - INFO - Extracting PM2.5: 2021-07-23 to 2021-09-21
2026-02-11 12:33:50,435 - SowetoClimatePipeline - INFO - Extracted 4920 PM2.5 records
2026-02-11 12:33:51,445 - SowetoClimatePipeline - INFO - Processing pm25 batch 48/67
2026-02-11 12:33:51,446 - SowetoClimatePipeline - INFO - Extracting PM2.5: 2021-09-21 to 2021-11-20
2026-02-11 12:33:55,793 - SowetoClimatePipeline - INFO - Extracted 4920 PM2.5 records
2026-02-11 12:33:56,798 - SowetoClimatePipeline - INFO - Processing pm25 batch 49/67
2026-02-11 12:33:56,799 - SowetoClimatePipeline - INFO - Extracting PM2.5: 2021-11-20 to 2022-01-19
2026-02-11 12:34:04,950 - SowetoClimatePipeline - INFO - Extracted 4920 PM2.5 records
2026-02-11 12:34:05,956 - SowetoClimatePipeline - INFO - Processing pm25 batch 50/67
2026-02-11 12:34:05,957 - SowetoClimatePipeline - INFO - Extracting PM2.5: 2022-01-19 to 2022-03-20
2026-02-11 12:34:11,305 - SowetoClimatePipeline - INFO - Extracted 4920 PM2.5 records
2026-02-11 12:34:12,311 - SowetoClimatePipeline - INFO - Processing pm25 batch 51/67
2026-02-11 12:34:12,311 - SowetoClimatePipeline - INFO - Extracting PM2.5: 2022-03-20 to 2022-05-19
2026-02-11 12:34:17,929 - SowetoClimatePipeline - INFO - Extracted 4920 PM2.5 records
2026-02-11 12:34:18,934 - SowetoClimatePipeline - INFO - Processing pm25 batch 52/67
2026-02-11 12:34:18,934 - SowetoClimatePipeline - INFO - Extracting PM2.5: 2022-05-19 to 2022-07-18
2026-02-11 12:34:28,039 - SowetoClimatePipeline - INFO - Extracted 4920 PM2.5 records
2026-02-11 12:34:29,045 - SowetoClimatePipeline - INFO - Processing pm25 batch 53/67
2026-02-11 12:34:29,046 - SowetoClimatePipeline - INFO - Extracting PM2.5: 2022-07-18 to 2022-09-16
2026-02-11 12:34:36,369 - SowetoClimatePipeline - INFO - Extracted 4920 PM2.5 records
2026-02-11 12:34:37,374 - SowetoClimatePipeline - INFO - Processing pm25 batch 54/67
2026-02-11 12:34:37,374 - SowetoClimatePipeline - INFO - Extracting PM2.5: 2022-09-16 to 2022-11-15
2026-02-11 12:34:45,178 - SowetoClimatePipeline - INFO - Extracted 4920 PM2.5 records
2026-02-11 12:34:46,183 - SowetoClimatePipeline - INFO - Processing pm25 batch 55/67
2026-02-11 12:34:46,183 - SowetoClimatePipeline - INFO - Extracting PM2.5: 2022-11-15 to 2023-01-14
2026-02-11 12:34:50,920 - SowetoClimatePipeline - INFO - Extracted 4920 PM2.5 records
2026-02-11 12:34:51,926 - SowetoClimatePipeline - INFO - Processing pm25 batch 56/67
2026-02-11 12:34:51,926 - SowetoClimatePipeline - INFO - Extracting PM2.5: 2023-01-14 to 2023-03-15
2026-02-11 12:34:59,776 - SowetoClimatePipeline - INFO - Extracted 4920 PM2.5 records
2026-02-11 12:35:00,782 - SowetoClimatePipeline - INFO - Processing pm25 batch 57/67
2026-02-11 12:35:00,782 - SowetoClimatePipeline - INFO - Extracting PM2.5: 2023-03-15 to 2023-05-14
2026-02-11 12:35:04,473 - root - WARNING - GEE error in extract_pm25_batch: Error in map(ID=20230512T00F000):
Image.reduceRegion: The 'geometry' parameter is at least partly outside the selected projection's area of validity.. Retrying in 5s...
2026-02-11 12:35:09,478 - SowetoClimatePipeline - INFO - Extracting PM2.5: 2023-03-15 to 2023-05-14
2026-02-11 12:35:14,676 - root - WARNING - GEE error in extract_pm25_batch: Error in map(ID=20230512T00F000):
Image.reduceRegion: The 'geometry' parameter is at least partly outside the selected projection's area of validity.. Retrying in 10s...
2026-02-11 12:35:24,679 - SowetoClimatePipeline - INFO - Extracting PM2.5: 2023-03-15 to 2023-05-14
2026-02-11 12:35:32,673 - SowetoClimatePipeline - ERROR - Failed to process batch 57 for pm25: Error in map(ID=20230512T00F000):
Image.reduceRegion: The 'geometry' parameter is at least partly outside the selected projection's area of validity.
2026-02-11 12:35:32,673 - SowetoClimatePipeline - INFO - Processing pm25 batch 58/67
2026-02-11 12:35:32,673 - SowetoClimatePipeline - INFO - Extracting PM2.5: 2023-05-14 to 2023-07-13
2026-02-11 12:35:40,153 - SowetoClimatePipeline - INFO - Extracted 4913 PM2.5 records
2026-02-11 12:35:41,158 - SowetoClimatePipeline - INFO - Processing pm25 batch 59/67
2026-02-11 12:35:41,160 - SowetoClimatePipeline - INFO - Extracting PM2.5: 2023-07-13 to 2023-09-11
2026-02-11 12:35:49,736 - SowetoClimatePipeline - INFO - Extracted 4920 PM2.5 records
2026-02-11 12:35:50,742 - SowetoClimatePipeline - INFO - Processing pm25 batch 60/67
2026-02-11 12:35:50,742 - SowetoClimatePipeline - INFO - Extracting PM2.5: 2023-09-11 to 2023-11-10
2026-02-11 12:35:56,700 - SowetoClimatePipeline - INFO - Extracted 4920 PM2.5 records
2026-02-11 12:35:57,704 - SowetoClimatePipeline - INFO - Processing pm25 batch 61/67
2026-02-11 12:35:57,705 - SowetoClimatePipeline - INFO - Extracting PM2.5: 2023-11-10 to 2024-01-09
2026-02-11 12:36:08,893 - SowetoClimatePipeline - INFO - Extracted 4920 PM2.5 records
2026-02-11 12:36:09,900 - SowetoClimatePipeline - INFO - Processing pm25 batch 62/67
2026-02-11 12:36:09,901 - SowetoClimatePipeline - INFO - Extracting PM2.5: 2024-01-09 to 2024-03-09
2026-02-11 12:36:13,800 - SowetoClimatePipeline - INFO - Extracted 4920 PM2.5 records
2026-02-11 12:36:14,806 - SowetoClimatePipeline - INFO - Processing pm25 batch 63/67
2026-02-11 12:36:14,807 - SowetoClimatePipeline - INFO - Extracting PM2.5: 2024-03-09 to 2024-05-08
2026-02-11 12:36:22,892 - SowetoClimatePipeline - INFO - Extracted 4920 PM2.5 records
2026-02-11 12:36:23,899 - SowetoClimatePipeline - INFO - Processing pm25 batch 64/67
2026-02-11 12:36:23,899 - SowetoClimatePipeline - INFO - Extracting PM2.5: 2024-05-08 to 2024-07-07
2026-02-11 12:36:30,252 - SowetoClimatePipeline - INFO - Extracted 4920 PM2.5 records
2026-02-11 12:36:31,258 - SowetoClimatePipeline - INFO - Processing pm25 batch 65/67
2026-02-11 12:36:31,259 - SowetoClimatePipeline - INFO - Extracting PM2.5: 2024-07-07 to 2024-09-05
2026-02-11 12:36:39,632 - SowetoClimatePipeline - INFO - Extracted 4920 PM2.5 records
2026-02-11 12:36:40,637 - SowetoClimatePipeline - INFO - Processing pm25 batch 66/67
2026-02-11 12:36:40,637 - SowetoClimatePipeline - INFO - Extracting PM2.5: 2024-09-05 to 2024-11-04
2026-02-11 12:36:45,629 - SowetoClimatePipeline - INFO - Extracted 4920 PM2.5 records
2026-02-11 12:36:46,635 - SowetoClimatePipeline - INFO - Processing pm25 batch 67/67
2026-02-11 12:36:46,635 - SowetoClimatePipeline - INFO - Extracting PM2.5: 2024-11-04 to 2024-12-31
2026-02-11 12:36:54,770 - SowetoClimatePipeline - INFO - Extracted 4654 PM2.5 records
2026-02-11 12:36:55,797 - SowetoClimatePipeline - INFO - Total pm25 records: 248654
2026-02-11 12:36:55,798 - SowetoClimatePipeline - INFO - ================================================================================
2026-02-11 12:36:55,798 - SowetoClimatePipeline - INFO - PERFORMING QUALITY CHECKS
2026-02-11 12:36:55,798 - SowetoClimatePipeline - INFO - ================================================================================
2026-02-11 12:36:55,798 - SowetoClimatePipeline - INFO - Performing quality checks for temperature_c
2026-02-11 12:36:55,807 - SowetoClimatePipeline - INFO - Quality check for temperature_c: PASSED
2026-02-11 12:36:55,807 - SowetoClimatePipeline - INFO -   Records: 96408, Missing: 0.00%, Outliers: 0
2026-02-11 12:36:55,807 - SowetoClimatePipeline - INFO - Performing quality checks for pm25
2026-02-11 12:36:55,817 - SowetoClimatePipeline - INFO - Quality check for pm25: PASSED
2026-02-11 12:36:55,818 - SowetoClimatePipeline - INFO -   Records: 248654, Missing: 0.23%, Outliers: 18127
2026-02-11 12:36:55,818 - SowetoClimatePipeline - INFO - ================================================================================
2026-02-11 12:36:55,818 - SowetoClimatePipeline - INFO - COMPUTING STATISTICAL AGGREGATIONS
2026-02-11 12:36:55,818 - SowetoClimatePipeline - INFO - ================================================================================
2026-02-11 12:36:55,818 - SowetoClimatePipeline - INFO - Computing monthly statistics for temperature_c
/Users/craig/Library/Mobile Documents/com~apple~CloudDocs/Admire/soweto_climate_pipeline.py:438: DeprecationWarning: DataFrameGroupBy.apply operated on the grouping columns. This behavior is deprecated, and in a future version of pandas the grouping columns will be excluded from the operation. Either pass `include_groups=False` to exclude the groupings or explicitly select the grouping columns after groupby to silence this warning.
  monthly_stats = df.groupby(['year', 'month']).apply(
2026-02-11 12:36:55,894 - SowetoClimatePipeline - INFO - Computing seasonal statistics for temperature_c
/Users/craig/Library/Mobile Documents/com~apple~CloudDocs/Admire/soweto_climate_pipeline.py:468: DeprecationWarning: DataFrameGroupBy.apply operated on the grouping columns. This behavior is deprecated, and in a future version of pandas the grouping columns will be excluded from the operation. Either pass `include_groups=False` to exclude the groupings or explicitly select the grouping columns after groupby to silence this warning.
  seasonal_stats = df.groupby(['season_year', 'season']).apply(
2026-02-11 12:36:56,718 - SowetoClimatePipeline - INFO - Computing annual statistics for temperature_c
/Users/craig/Library/Mobile Documents/com~apple~CloudDocs/Admire/soweto_climate_pipeline.py:481: DeprecationWarning: DataFrameGroupBy.apply operated on the grouping columns. This behavior is deprecated, and in a future version of pandas the grouping columns will be excluded from the operation. Either pass `include_groups=False` to exclude the groupings or explicitly select the grouping columns after groupby to silence this warning.
  annual_stats = df.groupby('year').apply(
2026-02-11 12:36:56,729 - SowetoClimatePipeline - INFO - Computing monthly statistics for pm25
/Users/craig/Library/Mobile Documents/com~apple~CloudDocs/Admire/soweto_climate_pipeline.py:438: DeprecationWarning: DataFrameGroupBy.apply operated on the grouping columns. This behavior is deprecated, and in a future version of pandas the grouping columns will be excluded from the operation. Either pass `include_groups=False` to exclude the groupings or explicitly select the grouping columns after groupby to silence this warning.
  monthly_stats = df.groupby(['year', 'month']).apply(
2026-02-11 12:36:56,792 - SowetoClimatePipeline - INFO - Computing seasonal statistics for pm25
/Users/craig/Library/Mobile Documents/com~apple~CloudDocs/Admire/soweto_climate_pipeline.py:468: DeprecationWarning: DataFrameGroupBy.apply operated on the grouping columns. This behavior is deprecated, and in a future version of pandas the grouping columns will be excluded from the operation. Either pass `include_groups=False` to exclude the groupings or explicitly select the grouping columns after groupby to silence this warning.
  seasonal_stats = df.groupby(['season_year', 'season']).apply(
2026-02-11 12:36:58,818 - SowetoClimatePipeline - INFO - Computing annual statistics for pm25
/Users/craig/Library/Mobile Documents/com~apple~CloudDocs/Admire/soweto_climate_pipeline.py:481: DeprecationWarning: DataFrameGroupBy.apply operated on the grouping columns. This behavior is deprecated, and in a future version of pandas the grouping columns will be excluded from the operation. Either pass `include_groups=False` to exclude the groupings or explicitly select the grouping columns after groupby to silence this warning.
  annual_stats = df.groupby('year').apply(
2026-02-11 12:36:58,840 - SowetoClimatePipeline - INFO - ================================================================================
2026-02-11 12:36:58,840 - SowetoClimatePipeline - INFO - SAVING RESULTS
2026-02-11 12:36:58,840 - SowetoClimatePipeline - INFO - ================================================================================
2026-02-11 12:36:58,960 - SowetoClimatePipeline - INFO - Saved temperature raw data: /Users/craig/Library/Mobile Documents/com~apple~CloudDocs/Admire/climate_data_output/soweto_temperature_raw.csv
2026-02-11 12:36:59,270 - SowetoClimatePipeline - INFO - Saved PM2.5 raw data: /Users/craig/Library/Mobile Documents/com~apple~CloudDocs/Admire/climate_data_output/soweto_pm25_raw.csv
2026-02-11 12:36:59,272 - SowetoClimatePipeline - INFO - Saved temp_monthly aggregations: /Users/craig/Library/Mobile Documents/com~apple~CloudDocs/Admire/climate_data_output/soweto_temp_monthly_stats.csv
2026-02-11 12:36:59,273 - SowetoClimatePipeline - INFO - Saved temp_seasonal aggregations: /Users/craig/Library/Mobile Documents/com~apple~CloudDocs/Admire/climate_data_output/soweto_temp_seasonal_stats.csv
2026-02-11 12:36:59,274 - SowetoClimatePipeline - INFO - Saved temp_annual aggregations: /Users/craig/Library/Mobile Documents/com~apple~CloudDocs/Admire/climate_data_output/soweto_temp_annual_stats.csv
2026-02-11 12:36:59,275 - SowetoClimatePipeline - INFO - Saved pm25_monthly aggregations: /Users/craig/Library/Mobile Documents/com~apple~CloudDocs/Admire/climate_data_output/soweto_pm25_monthly_stats.csv
2026-02-11 12:36:59,276 - SowetoClimatePipeline - INFO - Saved pm25_seasonal aggregations: /Users/craig/Library/Mobile Documents/com~apple~CloudDocs/Admire/climate_data_output/soweto_pm25_seasonal_stats.csv
2026-02-11 12:36:59,276 - SowetoClimatePipeline - INFO - Saved pm25_annual aggregations: /Users/craig/Library/Mobile Documents/com~apple~CloudDocs/Admire/climate_data_output/soweto_pm25_annual_stats.csv
2026-02-11 12:36:59,277 - SowetoClimatePipeline - INFO - Saved quality report: /Users/craig/Library/Mobile Documents/com~apple~CloudDocs/Admire/climate_data_output/quality_report.json
2026-02-11 12:36:59,277 - SowetoClimatePipeline - INFO - ================================================================================
2026-02-11 12:36:59,277 - SowetoClimatePipeline - INFO - PIPELINE EXECUTION COMPLETE
2026-02-11 12:36:59,277 - SowetoClimatePipeline - INFO - ================================================================================
2026-02-11 12:36:59,277 - SowetoClimatePipeline - INFO - Duration: 0:10:04.287101
2026-02-11 12:36:59,277 - SowetoClimatePipeline - INFO - Temperature records: 96408
2026-02-11 12:36:59,277 - SowetoClimatePipeline - INFO - PM2.5 records: 248654
2026-02-11 12:36:59,277 - SowetoClimatePipeline - INFO - Output directory: /Users/craig/Library/Mobile Documents/com~apple~CloudDocs/Admire/climate_data_output
2026-02-11 12:36:59,277 - SowetoClimatePipeline - INFO - ================================================================================
